/Library/Developer/CommandLineTools/usr/bin/make -C firmware clean
rm -fR build
docker build -t stm32c0-wokwi-build:local docker
#0 building with "desktop-linux" instance using docker driver

#1 [internal] load build definition from Dockerfile
#1 transferring dockerfile: 331B done
#1 DONE 0.0s

#2 [internal] load metadata for docker.io/library/ubuntu:22.04
#2 DONE 0.5s

#3 [internal] load .dockerignore
#3 transferring context: 2B done
#3 DONE 0.0s

#4 [1/3] FROM docker.io/library/ubuntu:22.04@sha256:b1066385161d28ddf6bc7e7b28a9170eec11484c821d1a5150d176cbde41d7f7
#4 resolve docker.io/library/ubuntu:22.04@sha256:b1066385161d28ddf6bc7e7b28a9170eec11484c821d1a5150d176cbde41d7f7 done
#4 DONE 0.0s

#5 [2/3] RUN apt-get update && apt-get install -y --no-install-recommends     make     gcc-arm-none-eabi     binutils-arm-none-eabi     libnewlib-arm-none-eabi     ca-certificates     && rm -rf /var/lib/apt/lists/*
#5 CACHED

#6 [3/3] WORKDIR /workspace
#6 CACHED

#7 exporting to image
#7 exporting layers done
#7 exporting manifest sha256:3626a138f3c92fa65dd3c182cd5f7bbbe1172ce8cc74b8111888766539f18a92 done
#7 exporting config sha256:fcd1e135b953e07af2bc658b12ef1bf474d68fd92b5625251dc78d87712e117f done
#7 exporting attestation manifest sha256:ee1c2b2ef0d222c339d28f0cb0b6f3545ea3909c5cedd1da9bdaa9eb60fced5b done
#7 exporting manifest list sha256:388b6c161dfa1bb0da0d16edab133d5e1637cbc24bd4cb3a2bdd573175d541e2 done
#7 naming to docker.io/library/stm32c0-wokwi-build:local done
#7 unpacking to docker.io/library/stm32c0-wokwi-build:local done
#7 DONE 0.0s
docker run --rm -v "/Users/pliffdax/Projects/university/Study/People/Шостак Богдан/2026-Fall/SP/Lab01/Work/VendGuard:/workspace" -w /workspace \
		--user "501:20" stm32c0-wokwi-build:local \
		make -C firmware all
make: Entering directory '/workspace/firmware'
mkdir -p build		
arm-none-eabi-gcc -c -mcpu=cortex-m0plus -mthumb   -DUSE_HAL_DRIVER -DSTM32C031xx -ICore/Inc -IDrivers/STM32C0xx_HAL_Driver/Inc -IDrivers/STM32C0xx_HAL_Driver/Inc/Legacy -IDrivers/CMSIS/Device/ST/STM32C0xx/Include -IDrivers/CMSIS/Include -Og -Wall -fdata-sections -ffunction-sections -g -gdwarf-2 -MMD -MP -MF"build/main.d" -Wa,-a,-ad,-alms=build/main.lst Core/Src/main.c -o build/main.o
arm-none-eabi-gcc -c -mcpu=cortex-m0plus -mthumb   -DUSE_HAL_DRIVER -DSTM32C031xx -ICore/Inc -IDrivers/STM32C0xx_HAL_Driver/Inc -IDrivers/STM32C0xx_HAL_Driver/Inc/Legacy -IDrivers/CMSIS/Device/ST/STM32C0xx/Include -IDrivers/CMSIS/Include -Og -Wall -fdata-sections -ffunction-sections -g -gdwarf-2 -MMD -MP -MF"build/stm32c0xx_it.d" -Wa,-a,-ad,-alms=build/stm32c0xx_it.lst Core/Src/stm32c0xx_it.c -o build/stm32c0xx_it.o
arm-none-eabi-gcc -c -mcpu=cortex-m0plus -mthumb   -DUSE_HAL_DRIVER -DSTM32C031xx -ICore/Inc -IDrivers/STM32C0xx_HAL_Driver/Inc -IDrivers/STM32C0xx_HAL_Driver/Inc/Legacy -IDrivers/CMSIS/Device/ST/STM32C0xx/Include -IDrivers/CMSIS/Include -Og -Wall -fdata-sections -ffunction-sections -g -gdwarf-2 -MMD -MP -MF"build/stm32c0xx_hal_msp.d" -Wa,-a,-ad,-alms=build/stm32c0xx_hal_msp.lst Core/Src/stm32c0xx_hal_msp.c -o build/stm32c0xx_hal_msp.o
arm-none-eabi-gcc -c -mcpu=cortex-m0plus -mthumb   -DUSE_HAL_DRIVER -DSTM32C031xx -ICore/Inc -IDrivers/STM32C0xx_HAL_Driver/Inc -IDrivers/STM32C0xx_HAL_Driver/Inc/Legacy -IDrivers/CMSIS/Device/ST/STM32C0xx/Include -IDrivers/CMSIS/Include -Og -Wall -fdata-sections -ffunction-sections -g -gdwarf-2 -MMD -MP -MF"build/syscalls.d" -Wa,-a,-ad,-alms=build/syscalls.lst Core/Src/syscalls.c -o build/syscalls.o
arm-none-eabi-gcc -c -mcpu=cortex-m0plus -mthumb   -DUSE_HAL_DRIVER -DSTM32C031xx -ICore/Inc -IDrivers/STM32C0xx_HAL_Driver/Inc -IDrivers/STM32C0xx_HAL_Driver/Inc/Legacy -IDrivers/CMSIS/Device/ST/STM32C0xx/Include -IDrivers/CMSIS/Include -Og -Wall -fdata-sections -ffunction-sections -g -gdwarf-2 -MMD -MP -MF"build/sysmem.d" -Wa,-a,-ad,-alms=build/sysmem.lst Core/Src/sysmem.c -o build/sysmem.o
arm-none-eabi-gcc -c -mcpu=cortex-m0plus -mthumb   -DUSE_HAL_DRIVER -DSTM32C031xx -ICore/Inc -IDrivers/STM32C0xx_HAL_Driver/Inc -IDrivers/STM32C0xx_HAL_Driver/Inc/Legacy -IDrivers/CMSIS/Device/ST/STM32C0xx/Include -IDrivers/CMSIS/Include -Og -Wall -fdata-sections -ffunction-sections -g -gdwarf-2 -MMD -MP -MF"build/stm32c0xx_hal.d" -Wa,-a,-ad,-alms=build/stm32c0xx_hal.lst Drivers/STM32C0xx_HAL_Driver/Src/stm32c0xx_hal.c -o build/stm32c0xx_hal.o
arm-none-eabi-gcc -c -mcpu=cortex-m0plus -mthumb   -DUSE_HAL_DRIVER -DSTM32C031xx -ICore/Inc -IDrivers/STM32C0xx_HAL_Driver/Inc -IDrivers/STM32C0xx_HAL_Driver/Inc/Legacy -IDrivers/CMSIS/Device/ST/STM32C0xx/Include -IDrivers/CMSIS/Include -Og -Wall -fdata-sections -ffunction-sections -g -gdwarf-2 -MMD -MP -MF"build/stm32c0xx_hal_cortex.d" -Wa,-a,-ad,-alms=build/stm32c0xx_hal_cortex.lst Drivers/STM32C0xx_HAL_Driver/Src/stm32c0xx_hal_cortex.c -o build/stm32c0xx_hal_cortex.o
arm-none-eabi-gcc -c -mcpu=cortex-m0plus -mthumb   -DUSE_HAL_DRIVER -DSTM32C031xx -ICore/Inc -IDrivers/STM32C0xx_HAL_Driver/Inc -IDrivers/STM32C0xx_HAL_Driver/Inc/Legacy -IDrivers/CMSIS/Device/ST/STM32C0xx/Include -IDrivers/CMSIS/Include -Og -Wall -fdata-sections -ffunction-sections -g -gdwarf-2 -MMD -MP -MF"build/stm32c0xx_hal_rcc.d" -Wa,-a,-ad,-alms=build/stm32c0xx_hal_rcc.lst Drivers/STM32C0xx_HAL_Driver/Src/stm32c0xx_hal_rcc.c -o build/stm32c0xx_hal_rcc.o
arm-none-eabi-gcc -c -mcpu=cortex-m0plus -mthumb   -DUSE_HAL_DRIVER -DSTM32C031xx -ICore/Inc -IDrivers/STM32C0xx_HAL_Driver/Inc -IDrivers/STM32C0xx_HAL_Driver/Inc/Legacy -IDrivers/CMSIS/Device/ST/STM32C0xx/Include -IDrivers/CMSIS/Include -Og -Wall -fdata-sections -ffunction-sections -g -gdwarf-2 -MMD -MP -MF"build/stm32c0xx_hal_rcc_ex.d" -Wa,-a,-ad,-alms=build/stm32c0xx_hal_rcc_ex.lst Drivers/STM32C0xx_HAL_Driver/Src/stm32c0xx_hal_rcc_ex.c -o build/stm32c0xx_hal_rcc_ex.o
arm-none-eabi-gcc -c -mcpu=cortex-m0plus -mthumb   -DUSE_HAL_DRIVER -DSTM32C031xx -ICore/Inc -IDrivers/STM32C0xx_HAL_Driver/Inc -IDrivers/STM32C0xx_HAL_Driver/Inc/Legacy -IDrivers/CMSIS/Device/ST/STM32C0xx/Include -IDrivers/CMSIS/Include -Og -Wall -fdata-sections -ffunction-sections -g -gdwarf-2 -MMD -MP -MF"build/stm32c0xx_hal_flash.d" -Wa,-a,-ad,-alms=build/stm32c0xx_hal_flash.lst Drivers/STM32C0xx_HAL_Driver/Src/stm32c0xx_hal_flash.c -o build/stm32c0xx_hal_flash.o
arm-none-eabi-gcc -c -mcpu=cortex-m0plus -mthumb   -DUSE_HAL_DRIVER -DSTM32C031xx -ICore/Inc -IDrivers/STM32C0xx_HAL_Driver/Inc -IDrivers/STM32C0xx_HAL_Driver/Inc/Legacy -IDrivers/CMSIS/Device/ST/STM32C0xx/Include -IDrivers/CMSIS/Include -Og -Wall -fdata-sections -ffunction-sections -g -gdwarf-2 -MMD -MP -MF"build/stm32c0xx_hal_flash_ex.d" -Wa,-a,-ad,-alms=build/stm32c0xx_hal_flash_ex.lst Drivers/STM32C0xx_HAL_Driver/Src/stm32c0xx_hal_flash_ex.c -o build/stm32c0xx_hal_flash_ex.o
arm-none-eabi-gcc -c -mcpu=cortex-m0plus -mthumb   -DUSE_HAL_DRIVER -DSTM32C031xx -ICore/Inc -IDrivers/STM32C0xx_HAL_Driver/Inc -IDrivers/STM32C0xx_HAL_Driver/Inc/Legacy -IDrivers/CMSIS/Device/ST/STM32C0xx/Include -IDrivers/CMSIS/Include -Og -Wall -fdata-sections -ffunction-sections -g -gdwarf-2 -MMD -MP -MF"build/stm32c0xx_hal_gpio.d" -Wa,-a,-ad,-alms=build/stm32c0xx_hal_gpio.lst Drivers/STM32C0xx_HAL_Driver/Src/stm32c0xx_hal_gpio.c -o build/stm32c0xx_hal_gpio.o
arm-none-eabi-gcc -c -mcpu=cortex-m0plus -mthumb   -DUSE_HAL_DRIVER -DSTM32C031xx -ICore/Inc -IDrivers/STM32C0xx_HAL_Driver/Inc -IDrivers/STM32C0xx_HAL_Driver/Inc/Legacy -IDrivers/CMSIS/Device/ST/STM32C0xx/Include -IDrivers/CMSIS/Include -Og -Wall -fdata-sections -ffunction-sections -g -gdwarf-2 -MMD -MP -MF"build/stm32c0xx_hal_dma.d" -Wa,-a,-ad,-alms=build/stm32c0xx_hal_dma.lst Drivers/STM32C0xx_HAL_Driver/Src/stm32c0xx_hal_dma.c -o build/stm32c0xx_hal_dma.o
arm-none-eabi-gcc -c -mcpu=cortex-m0plus -mthumb   -DUSE_HAL_DRIVER -DSTM32C031xx -ICore/Inc -IDrivers/STM32C0xx_HAL_Driver/Inc -IDrivers/STM32C0xx_HAL_Driver/Inc/Legacy -IDrivers/CMSIS/Device/ST/STM32C0xx/Include -IDrivers/CMSIS/Include -Og -Wall -fdata-sections -ffunction-sections -g -gdwarf-2 -MMD -MP -MF"build/stm32c0xx_hal_dma_ex.d" -Wa,-a,-ad,-alms=build/stm32c0xx_hal_dma_ex.lst Drivers/STM32C0xx_HAL_Driver/Src/stm32c0xx_hal_dma_ex.c -o build/stm32c0xx_hal_dma_ex.o
arm-none-eabi-gcc -c -mcpu=cortex-m0plus -mthumb   -DUSE_HAL_DRIVER -DSTM32C031xx -ICore/Inc -IDrivers/STM32C0xx_HAL_Driver/Inc -IDrivers/STM32C0xx_HAL_Driver/Inc/Legacy -IDrivers/CMSIS/Device/ST/STM32C0xx/Include -IDrivers/CMSIS/Include -Og -Wall -fdata-sections -ffunction-sections -g -gdwarf-2 -MMD -MP -MF"build/stm32c0xx_hal_pwr.d" -Wa,-a,-ad,-alms=build/stm32c0xx_hal_pwr.lst Drivers/STM32C0xx_HAL_Driver/Src/stm32c0xx_hal_pwr.c -o build/stm32c0xx_hal_pwr.o
arm-none-eabi-gcc -c -mcpu=cortex-m0plus -mthumb   -DUSE_HAL_DRIVER -DSTM32C031xx -ICore/Inc -IDrivers/STM32C0xx_HAL_Driver/Inc -IDrivers/STM32C0xx_HAL_Driver/Inc/Legacy -IDrivers/CMSIS/Device/ST/STM32C0xx/Include -IDrivers/CMSIS/Include -Og -Wall -fdata-sections -ffunction-sections -g -gdwarf-2 -MMD -MP -MF"build/stm32c0xx_hal_pwr_ex.d" -Wa,-a,-ad,-alms=build/stm32c0xx_hal_pwr_ex.lst Drivers/STM32C0xx_HAL_Driver/Src/stm32c0xx_hal_pwr_ex.c -o build/stm32c0xx_hal_pwr_ex.o
arm-none-eabi-gcc -c -mcpu=cortex-m0plus -mthumb   -DUSE_HAL_DRIVER -DSTM32C031xx -ICore/Inc -IDrivers/STM32C0xx_HAL_Driver/Inc -IDrivers/STM32C0xx_HAL_Driver/Inc/Legacy -IDrivers/CMSIS/Device/ST/STM32C0xx/Include -IDrivers/CMSIS/Include -Og -Wall -fdata-sections -ffunction-sections -g -gdwarf-2 -MMD -MP -MF"build/stm32c0xx_hal_exti.d" -Wa,-a,-ad,-alms=build/stm32c0xx_hal_exti.lst Drivers/STM32C0xx_HAL_Driver/Src/stm32c0xx_hal_exti.c -o build/stm32c0xx_hal_exti.o
arm-none-eabi-gcc -c -mcpu=cortex-m0plus -mthumb   -DUSE_HAL_DRIVER -DSTM32C031xx -ICore/Inc -IDrivers/STM32C0xx_HAL_Driver/Inc -IDrivers/STM32C0xx_HAL_Driver/Inc/Legacy -IDrivers/CMSIS/Device/ST/STM32C0xx/Include -IDrivers/CMSIS/Include -Og -Wall -fdata-sections -ffunction-sections -g -gdwarf-2 -MMD -MP -MF"build/stm32c0xx_hal_i2c.d" -Wa,-a,-ad,-alms=build/stm32c0xx_hal_i2c.lst Drivers/STM32C0xx_HAL_Driver/Src/stm32c0xx_hal_i2c.c -o build/stm32c0xx_hal_i2c.o
arm-none-eabi-gcc -c -mcpu=cortex-m0plus -mthumb   -DUSE_HAL_DRIVER -DSTM32C031xx -ICore/Inc -IDrivers/STM32C0xx_HAL_Driver/Inc -IDrivers/STM32C0xx_HAL_Driver/Inc/Legacy -IDrivers/CMSIS/Device/ST/STM32C0xx/Include -IDrivers/CMSIS/Include -Og -Wall -fdata-sections -ffunction-sections -g -gdwarf-2 -MMD -MP -MF"build/stm32c0xx_hal_i2c_ex.d" -Wa,-a,-ad,-alms=build/stm32c0xx_hal_i2c_ex.lst Drivers/STM32C0xx_HAL_Driver/Src/stm32c0xx_hal_i2c_ex.c -o build/stm32c0xx_hal_i2c_ex.o
arm-none-eabi-gcc -c -mcpu=cortex-m0plus -mthumb   -DUSE_HAL_DRIVER -DSTM32C031xx -ICore/Inc -IDrivers/STM32C0xx_HAL_Driver/Inc -IDrivers/STM32C0xx_HAL_Driver/Inc/Legacy -IDrivers/CMSIS/Device/ST/STM32C0xx/Include -IDrivers/CMSIS/Include -Og -Wall -fdata-sections -ffunction-sections -g -gdwarf-2 -MMD -MP -MF"build/stm32c0xx_hal_uart.d" -Wa,-a,-ad,-alms=build/stm32c0xx_hal_uart.lst Drivers/STM32C0xx_HAL_Driver/Src/stm32c0xx_hal_uart.c -o build/stm32c0xx_hal_uart.o
arm-none-eabi-gcc -c -mcpu=cortex-m0plus -mthumb   -DUSE_HAL_DRIVER -DSTM32C031xx -ICore/Inc -IDrivers/STM32C0xx_HAL_Driver/Inc -IDrivers/STM32C0xx_HAL_Driver/Inc/Legacy -IDrivers/CMSIS/Device/ST/STM32C0xx/Include -IDrivers/CMSIS/Include -Og -Wall -fdata-sections -ffunction-sections -g -gdwarf-2 -MMD -MP -MF"build/stm32c0xx_hal_uart_ex.d" -Wa,-a,-ad,-alms=build/stm32c0xx_hal_uart_ex.lst Drivers/STM32C0xx_HAL_Driver/Src/stm32c0xx_hal_uart_ex.c -o build/stm32c0xx_hal_uart_ex.o
arm-none-eabi-gcc -c -mcpu=cortex-m0plus -mthumb   -DUSE_HAL_DRIVER -DSTM32C031xx -ICore/Inc -IDrivers/STM32C0xx_HAL_Driver/Inc -IDrivers/STM32C0xx_HAL_Driver/Inc/Legacy -IDrivers/CMSIS/Device/ST/STM32C0xx/Include -IDrivers/CMSIS/Include -Og -Wall -fdata-sections -ffunction-sections -g -gdwarf-2 -MMD -MP -MF"build/system_stm32c0xx.d" -Wa,-a,-ad,-alms=build/system_stm32c0xx.lst Core/Src/system_stm32c0xx.c -o build/system_stm32c0xx.o
arm-none-eabi-gcc -x assembler-with-cpp -c -mcpu=cortex-m0plus -mthumb   -DUSE_HAL_DRIVER -DSTM32C031xx -ICore/Inc -IDrivers/STM32C0xx_HAL_Driver/Inc -IDrivers/STM32C0xx_HAL_Driver/Inc/Legacy -IDrivers/CMSIS/Device/ST/STM32C0xx/Include -IDrivers/CMSIS/Include -Og -Wall -fdata-sections -ffunction-sections -g -gdwarf-2 -MMD -MP -MF"build/startup_stm32c031xx.d" startup_stm32c031xx.s -o build/startup_stm32c031xx.o
arm-none-eabi-gcc build/main.o build/stm32c0xx_it.o build/stm32c0xx_hal_msp.o build/syscalls.o build/sysmem.o build/stm32c0xx_hal.o build/stm32c0xx_hal_cortex.o build/stm32c0xx_hal_rcc.o build/stm32c0xx_hal_rcc_ex.o build/stm32c0xx_hal_flash.o build/stm32c0xx_hal_flash_ex.o build/stm32c0xx_hal_gpio.o build/stm32c0xx_hal_dma.o build/stm32c0xx_hal_dma_ex.o build/stm32c0xx_hal_pwr.o build/stm32c0xx_hal_pwr_ex.o build/stm32c0xx_hal_exti.o build/stm32c0xx_hal_i2c.o build/stm32c0xx_hal_i2c_ex.o build/stm32c0xx_hal_uart.o build/stm32c0xx_hal_uart_ex.o build/system_stm32c0xx.o build/startup_stm32c031xx.o -mcpu=cortex-m0plus -mthumb   -specs=nano.specs -TSTM32C031C6Tx_FLASH.ld  -lc -lm -lnosys  -Wl,-Map=build/firmware.map,--cref -Wl,--gc-sections -o build/firmware.elf
arm-none-eabi-size build/firmware.elf
   text	   data	    bss	    dec	    hex	filename
  13464	    120	   1808	  15392	   3c20	build/firmware.elf
arm-none-eabi-objcopy -O ihex build/firmware.elf build/firmware.hex
arm-none-eabi-objcopy -O binary -S build/firmware.elf build/firmware.bin	
make: Leaving directory '/workspace/firmware'
